// Jest Snapshot v1, https://goo.gl/fbAQLP

exports[`TextualEvent renders a textual event 1`] = `
<div>
  <div
    class="mx_TextualEvent"
  >
    Dummy textual event text
  </div>
</div>
`;
