// Jest Snapshot v1, https://goo.gl/fbAQLP

exports[`<IntegrationsDisabledDialog /> should render as expected 1`] = `
<DocumentFragment>
  <div
    data-focus-guard="true"
    style="width: 1px; height: 0px; padding: 0px; overflow: hidden; position: fixed; top: 1px; left: 1px;"
    tabindex="0"
  />
  <div
    aria-labelledby="mx_BaseDialog_title"
    class="mx_IntegrationsDisabledDialog mx_Dialog_fixedWidth"
    data-focus-lock-disabled="false"
    role="dialog"
  >
    <div
      class="mx_Dialog_header"
    >
      <h1
        class="mx_Heading_h3 mx_Dialog_title"
        id="mx_BaseDialog_title"
      >
        Integrations are disabled
      </h1>
    </div>
    <div
      class="mx_IntegrationsDisabledDialog_content"
    >
      <p>
        Enable 'Manage integrations' in Settings to do this.
      </p>
    </div>
    <div
      class="mx_Dialog_buttons"
    >
      <span
        class="mx_Dialog_buttons_row"
      >
        <button
          data-testid="dialog-cancel-button"
          type="button"
        >
          OK
        </button>
        <button
          class="mx_Dialog_primary"
          data-testid="dialog-primary-button"
          type="button"
        >
          Settings
        </button>
      </span>
    </div>
    <div
      aria-label="Close dialog"
      class="mx_AccessibleButton mx_Dialog_cancelButton"
      role="button"
      tabindex="0"
    />
  </div>
  <div
    data-focus-guard="true"
    style="width: 1px; height: 0px; padding: 0px; overflow: hidden; position: fixed; top: 1px; left: 1px;"
    tabindex="0"
  />
</DocumentFragment>
`;
