// Jest Snapshot v1, https://goo.gl/fbAQLP

exports[`<SetIdServer /> renders expected fields 1`] = `
<DocumentFragment>
  <fieldset
    class="mx_SettingsFieldset"
  >
    <legend
      class="mx_SettingsFieldset_legend"
    >
      Identity server
    </legend>
    <div
      class="mx_SettingsFieldset_description"
    >
      <div
        class="mx_SettingsSubsection_text"
      >
        You are not currently using an identity server. To discover and be discoverable by existing contacts you know, add one below.
      </div>
    </div>
    <div
      class="mx_SettingsFieldset_content"
    >
      <form
        class="_root_ssths_24 mx_IdentityServerPicker"
      >
        <div
          class="_field_ssths_34"
        >
          <label
            class="_label_ssths_67"
            for="radix-:r0:"
          >
            Enter a new identity server
          </label>
          <div
            class="_controls_1h4nb_17"
          >
            <input
              class="_control_9gon8_18"
              id="radix-:r0:"
              name="input"
              placeholder=""
              title=""
              value=""
            />
          </div>
        </div>
      </form>
    </div>
  </fieldset>
</DocumentFragment>
`;
